// Jest Snapshot v1, https://goo.gl/fbAQLP

exports[`Button component should render Button component 1`] = `ShallowWrapper {}`;

exports[`Button component should render Button component with props 1`] = `ShallowWrapper {}`;

exports[`Button component should render Button component with props disabled 1`] = `ShallowWrapper {}`;
